fillcolour:0.250000:0.250000:0.250000
rectangle:0:390:27:115
fillcolour:1.000000:1.000000:1.000000
text:booktab:12:17:422:1:GENESIS
text:bookpretitle:12:79:470:0:T
text:bookpretitle:9:86:470:0:HE
text:bookpretitle:12:99:470:0: 
text:bookpretitle:12:102:470:0:F
text:bookpretitle:9:109:470:0:IRST
text:bookpretitle:12:128:470:0: 
text:bookpretitle:12:131:470:0:B
text:bookpretitle:9:139:470:0:OOK
text:bookpretitle:12:159:470:0: 
text:bookpretitle:9:162:470:0:OF
text:bookpretitle:12:174:470:0: 
text:bookpretitle:9:177:470:0:THE
text:bookpretitle:12:196:470:0: 
text:bookpretitle:12:199:470:0:L
text:bookpretitle:9:206:470:0:AW
text:bookpretitle:12:222:470:0: 
text:bookpretitle:9:225:470:0:CALLED
text:booktitle:20:144:445:0:G
text:booktitle:15:160:445:0:ENESIS
text:passageheader:10:54:420:0:The
text:passageheader:10:70:420:0: 
text:passageheader:10:73:420:0:Creation
text:chapternum:36:54:388:0:1
text:blackletter:12:72:404:0:In
text:blackletter:12:83:404:0: 
text:blackletter:12:97:404:0:the
text:blackletter:12:113:404:0: 
text:blackletter:12:128:404:0:beginning,
text:blackletter:12:184:404:0: 
text:blackletter:12:199:404:0:God
text:blackletter:12:222:404:0: 
text:blackletter:12:236:404:0:created
text:blackletter:12:275:404:0: 
text:blackletter:12:289:404:0:the
text:blackletter:12:72:388:0:universe.
text:footnotemark:9:120:392:0:a
text:blackletter:12:125:388:0: 
text:versenum:9:133:392:0:2
text:blackletter:12:137:388:0:When
text:blackletter:12:169:388:0: 
text:blackletter:12:177:388:0:the
text:blackletter:12:193:388:0: 
text:blackletter:12:201:388:0:earth
text:footnotemark:9:228:392:0:b
text:blackletter:12:234:388:0: 
text:blackletter:12:242:388:0:was
text:blackletter:12:263:388:0: 
text:blackletter:12:270:388:0:as
text:blackletter:12:281:388:0: 
text:blackletter:12:289:388:0:yet
text:blackletter:12:54:373:0:unformed
text:blackletter:12:107:373:0: 
text:blackletter:12:110:373:0:and
text:blackletter:12:131:373:0: 
text:blackletter:12:134:373:0:desolate,
text:blackletter:12:181:373:0: 
text:blackletter:12:185:373:0:with
text:blackletter:12:209:373:0: 
text:blackletter:12:213:373:0:the
text:blackletter:12:229:373:0: 
text:blackletter:12:233:373:0:surface
text:blackletter:12:271:373:0: 
text:blackletter:12:275:373:0:of
text:blackletter:12:285:373:0: 
text:blackletter:12:289:373:0:the
text:blackletter:12:54:357:0:ocean
text:blackletter:12:84:357:0: 
text:blackletter:12:87:357:0:depths
text:blackletter:12:124:357:0: 
text:blackletter:12:127:357:0:shrouded
text:footnotemark:9:178:361:0:c
text:blackletter:12:182:357:0: 
text:blackletter:12:185:357:0:in
text:blackletter:12:195:357:0: 
text:blackletter:12:198:357:0:darkness,
text:blackletter:12:249:357:0: 
text:blackletter:12:252:357:0:and
text:blackletter:12:273:357:0: 
text:blackletter:12:276:357:0:while
text:blackletter:12:54:341:0:the
text:blackletter:12:70:341:0: 
text:blackletter:12:78:341:0:Spirit
text:blackletter:12:108:341:0: 
text:blackletter:12:116:341:0:of
text:blackletter:12:126:341:0: 
text:blackletter:12:135:341:0:God
text:blackletter:12:158:341:0: 
text:blackletter:12:166:341:0:was
text:blackletter:12:187:341:0: 
text:blackletter:12:195:341:0:hovering
text:footnotemark:9:243:345:0:d
text:blackletter:12:249:341:0: 
text:blackletter:12:257:341:0:over
text:blackletter:12:281:341:0: 
text:blackletter:12:289:341:0:the
text:blackletter:12:54:326:0:surface
text:blackletter:12:92:326:0: 
text:blackletter:12:96:326:0:of
text:blackletter:12:106:326:0: 
text:blackletter:12:110:326:0:the
text:blackletter:12:127:326:0: 
text:blackletter:12:131:326:0:waters,
text:blackletter:12:170:326:0: 
text:versenum:9:174:330:0:3
text:blackletter:12:178:326:0:God
text:blackletter:12:201:326:0: 
text:blackletter:12:205:326:0:said,
text:blackletter:12:230:326:0: 
text:blackletter:12:234:326:0:``Let
text:blackletter:12:258:326:0: 
text:blackletter:12:262:326:0:there
text:blackletter:12:289:326:0: 
text:blackletter:12:293:326:0:be
text:blackletter:12:54:310:0:light!''
text:blackletter:12:88:310:0: 
text:blackletter:12:91:310:0:So
text:blackletter:12:104:310:0: 
text:blackletter:12:107:310:0:there
text:blackletter:12:134:310:0: 
text:blackletter:12:137:310:0:was
text:blackletter:12:158:310:0: 
text:blackletter:12:161:310:0:light.
text:versenum:9:72:299:0:4
text:blackletter:12:76:295:0:God
text:blackletter:12:99:295:0: 
text:blackletter:12:103:295:0:saw
text:blackletter:12:124:295:0: 
text:blackletter:12:128:295:0:that
text:blackletter:12:149:295:0: 
text:blackletter:12:153:295:0:the
text:blackletter:12:169:295:0: 
text:blackletter:12:173:295:0:light
text:blackletter:12:198:295:0: 
text:blackletter:12:202:295:0:was
text:blackletter:12:223:295:0: 
text:blackletter:12:227:295:0:beautiful.
text:footnotemark:9:278:299:0:e
text:blackletter:12:282:295:0: 
text:blackletter:12:286:295:0:He
text:footnotemark:9:302:299:0:f
text:blackletter:12:54:279:0:separated
text:blackletter:12:105:279:0: 
text:blackletter:12:110:279:0:the
text:blackletter:12:126:279:0: 
text:blackletter:12:131:279:0:light
text:blackletter:12:155:279:0: 
text:blackletter:12:159:279:0:from
text:blackletter:12:185:279:0: 
text:blackletter:12:190:279:0:the
text:blackletter:12:206:279:0: 
text:blackletter:12:211:279:0:darkness,
text:blackletter:12:261:279:0: 
text:versenum:9:266:283:0:5
text:blackletter:12:270:279:0:calling
text:blackletter:12:54:263:0:the
text:blackletter:12:70:263:0: 
text:blackletter:12:77:263:0:light
text:blackletter:12:101:263:0: 
text:blackletter:12:108:263:0:``day,
text:blackletter:12:138:263:0:''
text:blackletter:12:145:263:0: 
text:blackletter:12:151:263:0:and
text:blackletter:12:172:263:0: 
text:blackletter:12:178:263:0:the
text:blackletter:12:195:263:0: 
text:blackletter:12:202:263:0:darkness
text:footnotemark:9:249:267:0:g
text:blackletter:12:254:263:0: 
text:blackletter:12:261:263:0:``night.''
text:blackletter:12:54:248:0:The
text:blackletter:12:74:248:0: 
text:blackletter:12:77:248:0:twilight
text:blackletter:12:119:248:0: 
text:blackletter:12:122:248:0:and
text:blackletter:12:142:248:0: 
text:blackletter:12:145:248:0:the
text:blackletter:12:162:248:0: 
text:blackletter:12:165:248:0:dawn
text:blackletter:12:195:248:0: 
text:blackletter:12:198:248:0:were
text:blackletter:12:224:248:0: 
text:blackletter:12:227:248:0:day
text:blackletter:12:247:248:0: 
text:blackletter:12:250:248:0:one.
text:versenum:9:72:236:0:6
text:blackletter:12:76:232:0:Then
text:blackletter:12:103:232:0: 
text:blackletter:12:109:232:0:God
text:blackletter:12:132:232:0: 
text:blackletter:12:138:232:0:said,
text:blackletter:12:163:232:0: 
text:blackletter:12:169:232:0:``Let
text:blackletter:12:192:232:0: 
text:blackletter:12:198:232:0:there
text:blackletter:12:225:232:0: 
text:blackletter:12:231:232:0:be
text:blackletter:12:244:232:0: 
text:blackletter:12:249:232:0:a
text:blackletter:12:255:232:0: 
text:blackletter:12:261:232:0:canopy
text:footnotemark:9:300:236:0:h
text:blackletter:12:54:217:0:between
text:blackletter:12:98:217:0: 
text:blackletter:12:102:217:0:bodies
text:blackletter:12:137:217:0: 
text:blackletter:12:141:217:0:of
text:blackletter:12:152:217:0: 
text:blackletter:12:156:217:0:water,
text:footnotemark:9:189:221:0:i
text:blackletter:12:192:217:0: 
text:blackletter:12:196:217:0:separating
text:blackletter:12:252:217:0: 
text:blackletter:12:256:217:0:bodies
text:blackletter:12:291:217:0: 
text:blackletter:12:295:217:0:of
text:blackletter:12:54:201:0:water
text:footnotemark:9:84:205:0:j
text:blackletter:12:87:201:0: 
text:blackletter:12:90:201:0:from
text:blackletter:12:116:201:0: 
text:blackletter:12:119:201:0:bodies
text:blackletter:12:154:201:0: 
text:blackletter:12:157:201:0:of
text:blackletter:12:168:201:0: 
text:blackletter:12:171:201:0:water!''
text:footnotemark:9:211:205:0:k
text:blackletter:12:217:201:0: 
text:versenum:9:220:205:0:7
text:blackletter:12:224:201:0:So
text:blackletter:12:237:201:0: 
text:blackletter:12:240:201:0:God
text:blackletter:12:263:201:0: 
text:blackletter:12:267:201:0:made
text:blackletter:12:296:201:0: 
text:blackletter:12:300:201:0:a
text:blackletter:12:54:185:0:canopy
text:footnotemark:9:92:189:0:l
text:blackletter:12:95:185:0: 
text:blackletter:12:101:185:0:that
text:blackletter:12:121:185:0: 
text:blackletter:12:127:185:0:separated
text:blackletter:12:178:185:0: 
text:blackletter:12:184:185:0:the
text:blackletter:12:200:185:0: 
text:blackletter:12:206:185:0:water
text:blackletter:12:236:185:0: 
text:blackletter:12:242:185:0:beneath
text:blackletter:12:284:185:0: 
text:blackletter:12:289:185:0:the
text:blackletter:12:54:170:0:canopy
text:footnotemark:9:92:174:0:m
text:blackletter:12:100:170:0: 
text:blackletter:12:104:170:0:from
text:blackletter:12:130:170:0: 
text:blackletter:12:134:170:0:the
text:blackletter:12:151:170:0: 
text:blackletter:12:155:170:0:water
text:blackletter:12:185:170:0: 
text:blackletter:12:189:170:0:above
text:blackletter:12:221:170:0: 
text:blackletter:12:225:170:0:it.
text:footnotemark:9:235:174:0:n
text:blackletter:12:241:170:0: 
text:blackletter:12:245:170:0:And
text:blackletter:12:268:170:0: 
text:blackletter:12:272:170:0:that
text:blackletter:12:293:170:0: 
text:blackletter:12:297:170:0:is
text:blackletter:12:54:154:0:what
text:blackletter:12:80:154:0: 
text:blackletter:12:89:154:0:happened:
text:footnotemark:9:145:158:0:o
text:blackletter:12:150:154:0: 
text:versenum:9:159:158:0:8
text:blackletter:12:164:154:0:God
text:blackletter:12:187:154:0: 
text:blackletter:12:196:154:0:called
text:blackletter:12:227:154:0: 
text:blackletter:12:236:154:0:the
text:blackletter:12:252:154:0: 
text:blackletter:12:261:154:0:canopy
text:footnotemark:9:300:158:0:p
text:blackletter:12:54:139:0:``sky.''
text:footnotemark:9:88:143:0:q
text:blackletter:12:94:139:0: 
text:blackletter:12:99:139:0:The
text:blackletter:12:120:139:0: 
text:blackletter:12:125:139:0:twilight
text:blackletter:12:167:139:0: 
text:blackletter:12:173:139:0:and
text:blackletter:12:193:139:0: 
text:blackletter:12:199:139:0:the
text:blackletter:12:215:139:0: 
text:blackletter:12:221:139:0:dawn
text:blackletter:12:251:139:0: 
text:blackletter:12:257:139:0:were
text:blackletter:12:283:139:0: 
text:blackletter:12:289:139:0:the
text:footnotemarkinfootnote:6:54:103:0:a
text:footnote:8:57:100:0:1:1
text:footnote:8:67:100:0: 
text:footnote:8:69:100:0:Lit.
text:footnote:8:81:100:0: 
text:footnotebib:8:83:100:0:the
text:footnotebib:8:93:100:0: 
text:footnotebib:8:96:100:0:heavens
text:footnotebib:8:121:100:0: 
text:footnotebib:8:123:100:0:and
text:footnotebib:8:135:100:0: 
text:footnotebib:8:138:100:0:the
text:footnotebib:8:148:100:0: 
text:footnotebib:8:150:100:0:earth
text:footnote:8:167:100:0:;
text:footnote:8:169:100:0: 
text:footnote:8:171:100:0:i.e.
text:footnote:8:181:100:0: 
text:footnote:8:184:100:0:space
text:footnote:8:203:100:0: 
text:footnote:8:206:100:0:and
text:footnote:8:219:100:0: 
text:footnote:8:222:100:0:matter
text:footnote:8:245:100:0: 
text:footnote:8:248:100:0: 
text:footnote:8:250:100:0: 
text:footnote:8:253:100:0: 
text:footnotemarkinfootnote:6:255:103:0:b
text:footnote:8:259:100:0:1:2
text:footnote:8:269:100:0: 
text:footnote:8:271:100:0:Or
text:footnote:8:281:100:0: 
text:footnoteversenum:6:283:103:0:1
text:footnotebib:8:286:100:0:When
text:footnotebib:8:54:89:0:God
text:footnotebib:8:67:89:0: 
text:footnotebib:8:69:89:0:began
text:footnotebib:8:88:89:0: 
text:footnotebib:8:90:89:0:to
text:footnotebib:8:97:89:0: 
text:footnotebib:8:99:89:0:create
text:footnotebib:8:118:89:0: 
text:footnotebib:8:120:89:0:the
text:footnotebib:8:130:89:0: 
text:footnotebib:8:133:89:0:universe,
text:footnote:8:162:89:0: 
text:footnoteversenum:6:165:92:0:2
text:footnotebib:8:168:89:0:the
text:footnotebib:8:177:89:0: 
text:footnotebib:8:180:89:0:earth
text:footnote:8:196:89:0: 
text:footnote:8:199:89:0: 
text:footnote:8:201:89:0: 
text:footnote:8:203:89:0: 
text:footnotemarkinfootnote:6:206:92:0:c
text:footnote:8:208:89:0:1:2
text:footnote:8:218:89:0: 
text:footnote:8:221:89:0:The
text:footnote:8:234:89:0: 
text:footnote:8:237:89:0:Heb.
text:footnote:8:254:89:0: 
text:footnote:8:256:89:0:lacks
text:footnote:8:274:89:0: 
text:footnotebib:8:276:89:0:shrouded
text:footnotemarkinfootnote:6:54:81:0:d
text:footnote:8:57:78:0:1:2
text:footnote:8:67:78:0: 
text:footnote:8:69:78:0:Or
text:footnote:8:79:78:0: 
text:footnotebib:8:81:78:0:brooding
text:footnote:8:109:78:0: 
text:footnote:8:112:78:0: 
text:footnote:8:114:78:0: 
text:footnote:8:116:78:0: 
text:footnotemarkinfootnote:6:118:81:0:e
text:footnote:8:121:78:0:1:4
text:footnote:8:131:78:0: 
text:footnote:8:133:78:0:Or
text:footnote:8:142:78:0: 
text:footnotebib:8:145:78:0:good
text:footnote:8:160:78:0: 
text:footnote:8:162:78:0: 
text:footnote:8:164:78:0: 
text:footnote:8:166:78:0: 
text:footnotemarkinfootnote:6:168:81:0:f
text:footnote:8:171:78:0:1:5
text:footnote:8:181:78:0: 
text:footnote:8:183:78:0:Lit.
text:footnote:8:194:78:0: 
text:footnotebib:8:197:78:0:God
text:footnote:8:210:78:0: 
text:footnote:8:212:78:0: 
text:footnote:8:214:78:0: 
text:footnote:8:216:78:0: 
text:footnotemarkinfootnote:6:218:81:0:g
text:footnote:8:222:78:0:1:5
text:footnote:8:232:78:0: 
text:footnote:8:234:78:0:Lit.
text:footnote:8:246:78:0: 
text:footnotebib:8:248:78:0:darkness
text:footnotebib:8:276:78:0: 
text:footnotebib:8:278:78:0:he
text:footnotebib:8:285:78:0: 
text:footnotebib:8:287:78:0:called
text:footnotemarkinfootnote:6:54:70:0:h
text:footnote:8:57:67:0:1:6
text:footnote:8:67:67:0: 
text:footnote:8:70:67:0:Or
text:footnote:8:79:67:0: 
text:footnotebib:8:82:67:0:an
text:footnotebib:8:90:67:0: 
text:footnotebib:8:93:67:0:expanse
text:footnote:8:118:67:0: 
text:footnote:8:121:67:0: 
text:footnote:8:123:67:0: 
text:footnote:8:126:67:0: 
text:footnotemarkinfootnote:6:129:70:0:i
text:footnote:8:131:67:0:1:6
text:footnote:8:141:67:0: 
text:footnote:8:143:67:0:Lit.
text:footnote:8:155:67:0: 
text:footnotebib:8:158:67:0:between
text:footnotebib:8:184:67:0: 
text:footnotebib:8:186:67:0:waters
text:footnote:8:208:67:0: 
text:footnote:8:210:67:0: 
text:footnote:8:213:67:0: 
text:footnote:8:216:67:0: 
text:footnotemarkinfootnote:6:219:70:0:j
text:footnote:8:221:67:0:1:6
text:footnote:8:231:67:0: 
text:footnote:8:233:67:0:Lit.
text:footnote:8:245:67:0: 
text:footnotebib:8:248:67:0:separating
text:footnotebib:8:281:67:0: 
text:footnotebib:8:284:67:0:waters
text:footnotemarkinfootnote:6:54:60:0:k
text:footnote:8:57:57:0:1:6
text:footnote:8:67:57:0: 
text:footnote:8:70:57:0:Lit.
text:footnote:8:82:57:0: 
text:footnotebib:8:84:57:0:from
text:footnotebib:8:99:57:0: 
text:footnotebib:8:102:57:0:waters
text:footnote:8:123:57:0: 
text:footnote:8:126:57:0: 
text:footnote:8:128:57:0: 
text:footnote:8:131:57:0: 
text:footnotemarkinfootnote:6:134:60:0:l
text:footnote:8:136:57:0:1:7
text:footnote:8:146:57:0: 
text:footnote:8:148:57:0:Or
text:footnote:8:158:57:0: 
text:footnotebib:8:160:57:0:made
text:footnotebib:8:177:57:0: 
text:footnotebib:8:180:57:0:an
text:footnotebib:8:188:57:0: 
text:footnotebib:8:190:57:0:expanse
text:footnote:8:216:57:0: 
text:footnote:8:218:57:0: 
text:footnote:8:221:57:0: 
text:footnote:8:224:57:0: 
text:footnotemarkinfootnote:6:226:60:0:m
text:footnote:8:231:57:0:1:7
text:footnote:8:241:57:0: 
text:footnote:8:244:57:0:Or
text:footnote:8:253:57:0: 
text:footnotebib:8:256:57:0:expanse
text:footnote:8:281:57:0: 
text:footnote:8:284:57:0: 
text:footnote:8:287:57:0: 
text:footnote:8:289:57:0: 
text:footnotemarkinfootnote:6:292:60:0:n
text:footnote:8:296:57:0:1:7
text:footnote:8:54:46:0:Lit.
text:footnote:8:65:46:0: 
text:footnotebib:8:68:46:0:above
text:footnotebib:8:86:46:0: 
text:footnotebib:8:88:46:0:the
text:footnotebib:8:98:46:0: 
text:footnotebib:8:100:46:0:canopy
text:footnote:8:123:46:0: 
text:footnote:8:125:46:0: 
text:footnote:8:128:46:0: 
text:footnote:8:130:46:0: 
text:footnotemarkinfootnote:6:132:49:0:o
text:footnote:8:136:46:0:1:7
text:footnote:8:146:46:0: 
text:footnote:8:148:46:0:Lit.
text:footnote:8:160:46:0: 
text:footnotebib:8:162:46:0:And
text:footnotebib:8:177:46:0: 
text:footnotebib:8:179:46:0:so
text:footnotebib:8:186:46:0: 
text:footnotebib:8:188:46:0:it
text:footnotebib:8:193:46:0: 
text:footnotebib:8:195:46:0:was
text:footnote:8:208:46:0: 
text:footnote:8:210:46:0: 
text:footnote:8:213:46:0: 
text:footnote:8:215:46:0: 
text:footnotemarkinfootnote:6:217:49:0:p
text:footnote:8:221:46:0:1:8
text:footnote:8:231:46:0: 
text:footnote:8:233:46:0:Or
text:footnote:8:243:46:0: 
text:footnotebib:8:245:46:0:expanse
text:footnote:8:270:46:0: 
text:footnote:8:273:46:0: 
text:footnote:8:275:46:0: 
text:footnote:8:278:46:0: 
text:footnotemarkinfootnote:6:280:49:0:q
text:footnote:8:284:46:0:1:8
text:footnote:8:294:46:0: 
text:footnote:8:296:46:0:Or
text:footnotebib:8:54:35:0:Heaven
text:crossrefmarker:7:322:476:0:1
text:crossrefmarker:7:325:476:0::
text:crossrefmarker:7:327:476:0:1
text:crossrefmarker:7:330:476:0: 
text:crossref:7:333:476:0:Pr
text:crossref:7:340:476:0: 
text:crossref:7:343:476:0:8:22-
text:crossref:7:322:466:0:24;
text:crossref:7:330:466:0: 
text:crossref:7:333:466:0:16:4
text:crossref:7:345:466:0: 
text:crossref:7:348:466:0:Mr
text:crossref:7:322:457:0:13:19
text:crossref:7:337:457:0: 
text:crossref:7:347:457:0:Joh
text:crossref:7:322:447:0:1:1-
text:crossref:7:333:447:0:3
text:crossref:7:336:447:0: 
text:crossref:7:344:447:0:Heb
text:crossref:7:322:438:0:1:10
text:crossref:7:334:438:0: 
text:crossref:7:336:438:0:1Jo
text:crossref:7:345:438:0: 
text:crossref:7:347:438:0:1:1
text:crossrefmarker:7:322:422:0:1
text:crossrefmarker:7:325:422:0::
text:crossrefmarker:7:327:422:0:2
text:crossrefmarker:7:330:422:0: 
text:crossref:7:333:422:0:Job
text:crossref:7:343:422:0: 
text:crossref:7:345:422:0:26:7
text:crossref:7:322:412:0:Isa
text:crossref:7:330:412:0: 
text:crossref:7:342:412:0:45:18
text:crossref:7:322:403:0:Jer
text:crossref:7:330:403:0: 
text:crossref:7:333:403:0:4:23
text:crossref:7:345:403:0: 
text:crossref:7:348:403:0:Na
text:crossref:7:322:393:0:2:10
text:crossrefmarker:7:322:378:0:1
text:crossrefmarker:7:325:378:0::
text:crossrefmarker:7:327:378:0:3
text:crossrefmarker:7:330:378:0: 
text:crossref:7:333:378:0:Ps
text:crossref:7:340:378:0: 
text:crossref:7:344:378:0:33:6,
text:crossref:7:322:368:0:9;
text:crossref:7:327:368:0: 
text:crossref:7:330:368:0:148:5
text:crossref:7:346:368:0: 
text:crossref:7:349:368:0:Mt
text:crossref:7:322:359:0:8:3
text:crossref:7:330:359:0: 
text:crossref:7:347:359:0:Joh
text:crossref:7:322:349:0:11:43
text:crossrefmarker:7:322:334:0:1
text:crossrefmarker:7:325:334:0::
text:crossrefmarker:7:327:334:0:4
text:crossrefmarker:7:330:334:0: 
text:crossref:7:335:334:0:1:10,
text:crossref:7:349:334:0:12,
text:crossref:7:322:324:0:18,
text:crossref:7:330:324:0:25,
text:crossref:7:339:324:0:31
text:crossref:7:346:324:0: 
text:crossref:7:350:324:0:Ec
text:crossref:7:322:315:0:2:13;
text:crossref:7:336:315:0: 
text:crossref:7:337:315:0:11:7
text:crossrefmarker:7:322:300:0:1
text:crossrefmarker:7:325:300:0::
text:crossrefmarker:7:327:300:0:5
text:crossrefmarker:7:330:300:0: 
text:crossref:7:333:300:0:Ge
text:crossref:7:342:300:0: 
text:crossref:7:345:300:0:8:22
text:crossref:7:322:290:0:Ps
text:crossref:7:329:290:0: 
text:crossref:7:344:290:0:19:2;
text:crossref:7:322:281:0:74:16;
text:crossref:7:322:271:0:104:20
text:crossref:7:341:271:0: 
text:crossref:7:349:271:0:Isa
text:crossref:7:322:261:0:45:7
text:crossref:7:334:261:0: 
text:crossref:7:349:261:0:Jer
text:crossref:7:322:252:0:33:20
text:crossref:7:337:252:0: 
text:crossref:7:345:252:0:1Co
text:crossref:7:322:242:0:3:13
text:crossref:7:334:242:0: 
text:crossref:7:345:242:0:Eph
text:crossref:7:322:233:0:5:13
text:crossrefmarker:7:322:218:0:1
text:crossrefmarker:7:325:218:0::
text:crossrefmarker:7:327:218:0:6
text:crossrefmarker:7:330:218:0: 
text:crossref:7:335:218:0:1:14,
text:crossref:7:349:218:0:20;
text:crossref:7:322:208:0:7:11,
text:crossref:7:336:208:0:12
text:crossref:7:343:208:0: 
text:crossref:7:347:208:0:Job
text:crossref:7:322:199:0:26:7,
text:crossref:7:336:199:0:8,
text:crossref:7:341:199:0:13;
text:crossref:7:322:189:0:37:11,
text:crossref:7:339:189:0:18;
text:crossref:7:322:179:0:38:22-
text:crossref:7:340:179:0:26
text:crossref:7:347:179:0: 
text:crossref:7:350:179:0:Ps
text:crossref:7:322:170:0:19:1;
text:crossref:7:336:170:0: 
text:crossref:7:338:170:0:33:6,
text:crossref:7:352:170:0:9;
text:crossref:7:322:160:0: 
text:crossref:7:323:160:0:104:2
text:crossrefmarker:7:322:145:0:1
text:crossrefmarker:7:325:145:0::
text:crossrefmarker:7:327:145:0:7
text:crossrefmarker:7:330:145:0: 
text:crossref:7:333:145:0:Pr
text:crossref:7:340:145:0: 
text:crossref:7:344:145:0:8:28,
text:crossref:7:322:135:0:29
text:crossrefmarker:7:322:120:0:1
text:crossrefmarker:7:325:120:0::
text:crossrefmarker:7:327:120:0:8
text:crossrefmarker:7:330:120:0: 
text:crossref:7:338:120:0:1:5,
text:crossref:7:349:120:0:10;
text:crossref:7:322:110:0:5:2
